// Jest Snapshot v1, https://goo.gl/fbAQLP

exports[`HeaderBase should render HeaderBase element correctly 1`] = `
<div>
  <div
    class="box mm-header-base box--display-flex box--flex-direction-row box--justify-content-space-between"
    data-testid="header-base"
    title="HeaderBase test"
  >
    <h4
      class="box mm-text mm-text--heading-sm mm-text--text-align-center box--flex-direction-row box--width-full box--color-text-default"
    >
      should render HeaderBase element correctly
    </h4>
  </div>
</div>
`;
